app/dashboard/page.tsx(23,9): error TS2820: Type '"ACTIVE"' is not assignable to type 'EnumTruckStatusFilter<"Truck"> | TruckStatus | undefined'. Did you mean '"active"'?
app/dashboard/page.tsx(221,35): error TS2339: Property 'origin' does not exist on type '{ truck: { id: string; createdAt: Date; model: string | null; userId: string; status: TruckStatus; truckNumber: string; vin: string | null; make: string | null; year: number | null; licensePlate: string | null; } | null; driver: { ...; } | null; } & { ...; }'.
app/dashboard/page.tsx(221,51): error TS2339: Property 'destination' does not exist on type '{ truck: { id: string; createdAt: Date; model: string | null; userId: string; status: TruckStatus; truckNumber: string; vin: string | null; make: string | null; year: number | null; licensePlate: string | null; } | null; driver: { ...; } | null; } & { ...; }'.
app/dashboard/page.tsx(225,30): error TS18047: 'trip.truck' is possibly 'null'.
app/dashboard/page.tsx(225,41): error TS2339: Property 'registration' does not exist on type '{ id: string; createdAt: Date; model: string | null; userId: string; status: TruckStatus; truckNumber: string; vin: string | null; make: string | null; year: number | null; licensePlate: string | null; }'.
app/dashboard/page.tsx(227,51): error TS2339: Property 'name' does not exist on type '{ id: string; email: string | null; fullName: string; phone: string | null; createdAt: Date; userId: string; status: DriverStatus; licenseNumber: string | null; licenseExpiry: Date | null; assignedTruckId: string | null; }'.
app/dashboard/trucks/page.tsx(68,26): error TS2339: Property 'registration' does not exist on type '{ model: string | null; id: string; createdAt: Date; userId: string; status: TruckStatus; truckNumber: string; vin: string | null; make: string | null; year: number | null; licensePlate: string | null; }'.
app/dashboard/trucks/page.tsx(82,30): error TS2339: Property 'mileage' does not exist on type '{ model: string | null; id: string; createdAt: Date; userId: string; status: TruckStatus; truckNumber: string; vin: string | null; make: string | null; year: number | null; licensePlate: string | null; }'.
app/dashboard/trucks/page.tsx(91,30): error TS2339: Property 'fuelLevel' does not exist on type '{ model: string | null; id: string; createdAt: Date; userId: string; status: TruckStatus; truckNumber: string; vin: string | null; make: string | null; year: number | null; licensePlate: string | null; }'.
